leftImg8bit/val/frankfurt/frankfurt_000000_000294_leftImg8bit.png	gtFine/val/frankfurt/frankfurt_000000_000294_gtFine_labelIds.png
leftImg8bit/val/frankfurt/frankfurt_000000_000576_leftImg8bit.png	gtFine/val/frankfurt/frankfurt_000000_000576_gtFine_labelIds.png
leftImg8bit/val/frankfurt/frankfurt_000000_001016_leftImg8bit.png	gtFine/val/frankfurt/frankfurt_000000_001016_gtFine_labelIds.png
leftImg8bit/val/frankfurt/frankfurt_000000_001236_leftImg8bit.png	gtFine/val/frankfurt/frankfurt_000000_001236_gtFine_labelIds.png
leftImg8bit/val/frankfurt/frankfurt_000000_001751_leftImg8bit.png	gtFine/val/frankfurt/frankfurt_000000_001751_gtFine_labelIds.png
leftImg8bit/val/frankfurt/frankfurt_000000_002196_leftImg8bit.png	gtFine/val/frankfurt/frankfurt_000000_002196_gtFine_labelIds.png
leftImg8bit/val/frankfurt/frankfurt_000000_002963_leftImg8bit.png	gtFine/val/frankfurt/frankfurt_000000_002963_gtFine_labelIds.png
leftImg8bit/val/frankfurt/frankfurt_000000_003025_leftImg8bit.png	gtFine/val/frankfurt/frankfurt_000000_003025_gtFine_labelIds.png
leftImg8bit/val/frankfurt/frankfurt_000000_003357_leftImg8bit.png	gtFine/val/frankfurt/frankfurt_000000_003357_gtFine_labelIds.png
leftImg8bit/val/frankfurt/frankfurt_000000_003920_leftImg8bit.png	gtFine/val/frankfurt/frankfurt_000000_003920_gtFine_labelIds.png
